******************************************************************************
                  TI ARM Linker PC v16.9.3                     
******************************************************************************
>> Linked Mon Dec 24 08:38:55 2018

OUTPUT FILE NAME:   <Design Final.out>
ENTRY POINT SYMBOL: "_c_int00"  address: 00000a19


MEMORY CONFIGURATION

         name            origin    length      used     unused   attr    fill
----------------------  --------  ---------  --------  --------  ----  --------
  FLASH                 00000000   00040000  00000c0c  0003f3f4  R  X
  SRAM                  20000000   00008000  00000224  00007ddc  RW X


SEGMENT ALLOCATION MAP

run origin  load origin   length   init length attrs members
----------  ----------- ---------- ----------- ----- -------
00000000    00000000    00000c10   00000c10    r-x
  00000000    00000000    0000026c   0000026c    r-- .intvecs
  0000026c    0000026c    0000095c   0000095c    r-x .text
  00000bc8    00000bc8    0000000c   0000000c    r-- .const
  00000bd8    00000bd8    00000038   00000038    r-- .cinit
20000000    20000000    00000224   00000000    rw-
  20000000    20000000    00000200   00000000    rw- .stack
  20000200    20000200    00000018   00000000    rw- .data
  20000218    20000218    0000000c   00000000    rw- .bss


SECTION ALLOCATION MAP

 output                                  attributes/
section   page    origin      length       input sections
--------  ----  ----------  ----------   ----------------
.intvecs   0    00000000    0000026c     
                  00000000    0000026c     tm4c123gh6pm_startup_ccs.obj (.intvecs)

.text      0    0000026c    0000095c     
                  0000026c    000001f4     Timers.obj (.text)
                  00000460    00000134     Delay.obj (.text)
                  00000594    00000130     Ultrasonic.obj (.text)
                  000006c4    000000fc     rtsv7M4_T_le_v4SPD16_eabi.lib : fd_mul_t2.obj (.text)
                  000007c0    0000009c                                   : memcpy_t2.obj (.text)
                  0000085c    0000007a                                   : memset_t2.obj (.text)
                  000008d6    00000002                                   : mpu_init.obj (.text)
                  000008d8    00000070                                   : autoinit.obj (.text)
                  00000948    00000068                                   : copy_decompress_lzss.obj (.text:decompress:lzss)
                  000009b0    00000068     main.obj (.text)
                  00000a18    00000054     rtsv7M4_T_le_v4SPD16_eabi.lib : boot.obj (.text)
                  00000a6c    00000054                                   : exit.obj (.text)
                  00000ac0    0000004c                                   : cpy_tbl.obj (.text)
                  00000b0c    00000044                                   : fd_tou_t2.obj (.text)
                  00000b50    00000020                                   : u_tofd_t2.obj (.text)
                  00000b70    00000018                                   : args_main.obj (.text)
                  00000b88    00000014                                   : _lock.obj (.text)
                  00000b9c    0000000e                                   : copy_decompress_none.obj (.text:decompress:none)
                  00000baa    0000000c                                   : copy_zero_init.obj (.text:decompress:ZI)
                  00000bb6    0000000c     tm4c123gh6pm_startup_ccs.obj (.text)
                  00000bc2    00000004     rtsv7M4_T_le_v4SPD16_eabi.lib : pre_init.obj (.text)
                  00000bc6    00000002                                   : startup.obj (.text)

.const     0    00000bc8    0000000c     
                  00000bc8    0000000c     Ultrasonic.obj (.const)

.cinit     0    00000bd8    00000038     
                  00000bd8    00000011     (.cinit..data.load) [load image, compression = lzss]
                  00000be9    00000003     --HOLE-- [fill = 0]
                  00000bec    0000000c     (__TI_handler_table)
                  00000bf8    00000008     (.cinit..bss.load) [load image, compression = zero_init]
                  00000c00    00000010     (__TI_cinit_table)

.init_array 
*          0    00000000    00000000     UNINITIALIZED

.stack     0    20000000    00000200     UNINITIALIZED
                  20000000    00000200     --HOLE--

.data      0    20000200    00000018     UNINITIALIZED
                  20000200    0000000c     rtsv7M4_T_le_v4SPD16_eabi.lib : exit.obj (.data:$O1$$)
                  2000020c    00000008                                   : _lock.obj (.data:$O1$$)
                  20000214    00000004                                   : stkdepth_vars.obj (.data)

.bss       0    20000218    0000000c     UNINITIALIZED
                  20000218    00000004     (.common:Distance_cm)
                  2000021c    00000004     (.common:High_Edge)
                  20000220    00000004     (.common:Low_Edge)

MODULE SUMMARY

       Module                         code   ro data   rw data
       ------                         ----   -------   -------
    .\
       tm4c123gh6pm_startup_ccs.obj   12     620       0      
       Timers.obj                     500    0         0      
       Ultrasonic.obj                 304    12        12     
       Delay.obj                      308    0         0      
       main.obj                       104    0         0      
    +--+------------------------------+------+---------+---------+
       Total:                         1228   632       12     
                                                              
    C:\ti\ccsv7\tools\compiler\ti-cgt-arm_16.9.3.LTS\lib\rtsv7M4_T_le_v4SPD16_eabi.lib
       fd_mul_t2.obj                  252    0         0      
       memcpy_t2.obj                  156    0         0      
       memset_t2.obj                  122    0         0      
       autoinit.obj                   112    0         0      
       copy_decompress_lzss.obj       104    0         0      
       exit.obj                       84     0         12     
       boot.obj                       84     0         0      
       cpy_tbl.obj                    76     0         0      
       fd_tou_t2.obj                  68     0         0      
       u_tofd_t2.obj                  32     0         0      
       _lock.obj                      20     0         8      
       args_main.obj                  24     0         0      
       copy_decompress_none.obj       14     0         0      
       copy_zero_init.obj             12     0         0      
       pre_init.obj                   4      0         0      
       stkdepth_vars.obj              0      0         4      
       mpu_init.obj                   2      0         0      
       startup.obj                    2      0         0      
    +--+------------------------------+------+---------+---------+
       Total:                         1168   0         24     
                                                              
       Stack:                         0      0         512    
       Linker Generated:              0      53        0      
    +--+------------------------------+------+---------+---------+
       Grand Total:                   2396   685       548    


LINKER GENERATED COPY TABLES

__TI_cinit_table @ 00000c00 records: 2, size/record: 8, table size: 16
	.data: load addr=00000bd8, load size=00000011 bytes, run addr=20000200, run size=00000018 bytes, compression=lzss
	.bss: load addr=00000bf8, load size=00000008 bytes, run addr=20000218, run size=0000000c bytes, compression=zero_init


LINKER GENERATED HANDLER TABLE

__TI_handler_table @ 00000bec records: 3, size/record: 4, table size: 12
	index: 0, handler: __TI_decompress_lzss
	index: 1, handler: __TI_decompress_none
	index: 2, handler: __TI_zero_init


GLOBAL SYMBOLS: SORTED ALPHABETICALLY BY Name 

address   name                           
-------   ----                           
00000a6d  C$$EXIT                        
00000533  Delay                          
000004c9  Delay_mS                       
00000461  Delay_uS                       
20000218  Distance_cm                    
0000029d  GPIO_AFSEL_FOR_TIMERS          
2000021c  High_Edge                      
20000220  Low_Edge                       
00000bd0  MULTIPLIER                     
000005eb  Measure_Distance               
00000bc8  PWM_Clk_Period                 
00000bb7  ResetISR                       
000003b3  SET_PWM                        
UNDEFED   SHT$$INIT_ARRAY$$Base          
UNDEFED   SHT$$INIT_ARRAY$$Limit         
00000343  Timers_Configuration           
0000026d  Timers_Init                    
00000595  Ultrasonic_Init                
20000200  __STACK_END                    
00000200  __STACK_SIZE                   
20000200  __STACK_TOP                    
00000c00  __TI_CINIT_Base                
00000c10  __TI_CINIT_Limit               
00000bec  __TI_Handler_Table_Base        
00000bf8  __TI_Handler_Table_Limit       
000008d9  __TI_auto_init                 
20000200  __TI_cleanup_ptr               
00000949  __TI_decompress_lzss           
00000b9d  __TI_decompress_none           
20000204  __TI_dtors_ptr                 
20000208  __TI_enable_exit_profile_output
ffffffff  __TI_pprof_out_hndl            
ffffffff  __TI_prof_data_size            
ffffffff  __TI_prof_data_start           
00000000  __TI_static_base__             
00000bab  __TI_zero_init                 
00000b0d  __aeabi_d2uiz                  
000006c5  __aeabi_dmul                   
0000085d  __aeabi_memclr                 
0000085d  __aeabi_memclr4                
0000085d  __aeabi_memclr8                
000007c1  __aeabi_memcpy                 
000007c1  __aeabi_memcpy4                
000007c1  __aeabi_memcpy8                
0000085f  __aeabi_memset                 
0000085f  __aeabi_memset4                
0000085f  __aeabi_memset8                
00000b51  __aeabi_ui2d                   
ffffffff  __binit__                      
ffffffff  __c_args__                     
000008d7  __mpu_init                     
20000000  __stack                        
00000b71  _args_main                     
00000a19  _c_int00                       
2000020c  _lock                          
00000b97  _nop                           
00000b8f  _register_lock                 
00000b89  _register_unlock               
00000bc7  _system_post_cinit             
00000bc3  _system_pre_init               
20000210  _unlock                        
00000a71  abort                          
ffffffff  binit                          
00000ac1  copy_in                        
00000a79  exit                           
00000000  g_pfnVectors                   
000009b1  main                           
20000214  main_func_sp                   
000007c1  memcpy                         
00000865  memset                         


GLOBAL SYMBOLS: SORTED BY Symbol Address 

address   name                           
-------   ----                           
00000000  __TI_static_base__             
00000000  g_pfnVectors                   
00000200  __STACK_SIZE                   
0000026d  Timers_Init                    
0000029d  GPIO_AFSEL_FOR_TIMERS          
00000343  Timers_Configuration           
000003b3  SET_PWM                        
00000461  Delay_uS                       
000004c9  Delay_mS                       
00000533  Delay                          
00000595  Ultrasonic_Init                
000005eb  Measure_Distance               
000006c5  __aeabi_dmul                   
000007c1  __aeabi_memcpy                 
000007c1  __aeabi_memcpy4                
000007c1  __aeabi_memcpy8                
000007c1  memcpy                         
0000085d  __aeabi_memclr                 
0000085d  __aeabi_memclr4                
0000085d  __aeabi_memclr8                
0000085f  __aeabi_memset                 
0000085f  __aeabi_memset4                
0000085f  __aeabi_memset8                
00000865  memset                         
000008d7  __mpu_init                     
000008d9  __TI_auto_init                 
00000949  __TI_decompress_lzss           
000009b1  main                           
00000a19  _c_int00                       
00000a6d  C$$EXIT                        
00000a71  abort                          
00000a79  exit                           
00000ac1  copy_in                        
00000b0d  __aeabi_d2uiz                  
00000b51  __aeabi_ui2d                   
00000b71  _args_main                     
00000b89  _register_unlock               
00000b8f  _register_lock                 
00000b97  _nop                           
00000b9d  __TI_decompress_none           
00000bab  __TI_zero_init                 
00000bb7  ResetISR                       
00000bc3  _system_pre_init               
00000bc7  _system_post_cinit             
00000bc8  PWM_Clk_Period                 
00000bd0  MULTIPLIER                     
00000bec  __TI_Handler_Table_Base        
00000bf8  __TI_Handler_Table_Limit       
00000c00  __TI_CINIT_Base                
00000c10  __TI_CINIT_Limit               
20000000  __stack                        
20000200  __STACK_END                    
20000200  __STACK_TOP                    
20000200  __TI_cleanup_ptr               
20000204  __TI_dtors_ptr                 
20000208  __TI_enable_exit_profile_output
2000020c  _lock                          
20000210  _unlock                        
20000214  main_func_sp                   
20000218  Distance_cm                    
2000021c  High_Edge                      
20000220  Low_Edge                       
ffffffff  __TI_pprof_out_hndl            
ffffffff  __TI_prof_data_size            
ffffffff  __TI_prof_data_start           
ffffffff  __binit__                      
ffffffff  __c_args__                     
ffffffff  binit                          
UNDEFED   SHT$$INIT_ARRAY$$Base          
UNDEFED   SHT$$INIT_ARRAY$$Limit         

[70 symbols]
